
> medusa-2.0-boilerplate-backend@0.0.2 build
> medusa build && node src/scripts/postBuild.js

{
  "projectConfig": {
    "databaseUrl": "postgresql://postgres:YIKujyFPHKidnMJIKJpXVpwyvRYCxCVV@shuttle.proxy.rlwy.net:52325/railway",
    "databaseLogging": false,
    "databaseDriverOptions": {
      "connection": {
        "ssl": {
          "rejectUnauthorized": false
        }
      },
      "pool": {
        "min": 2,
        "max": 10,
        "acquireTimeoutMillis": 30000,
        "idleTimeoutMillis": 30000
      }
    },
    "workerMode": "shared",
    "http": {
      "jwtSecret": "shl360wn4c77k4qb7bkagiwi1tficdah",
      "cookieSecret": "ouqwemjikp1zow69r79d17aemdxzibqr"
    },
    "build": {
      "rollupOptions": {
        "external": [
          "@medusajs/dashboard"
        ]
      }
    }
  },
  "admin": {
    "backendUrl": "http://localhost:9000",
    "disable": false
  },
  "modules": [
    {
      "key": "file",
      "resolve": "@medusajs/file",
      "options": {
        "providers": [
          {
            "resolve": "@medusajs/file-local",
            "id": "local",
            "options": {
              "upload_dir": "static",
              "backend_url": "http://localhost:9000/static"
            }
          }
        ]
      }
    },
    {
      "key": "stock_alerts",
      "resolve": "./src/modules/stock-alerts"
    },
    {
      "key": "fulfillment",
      "resolve": "@medusajs/fulfillment",
      "options": {
        "providers": [
          {
            "resolve": "@medusajs/fulfillment-manual",
            "id": "manual"
          }
        ]
      }
    }
  ],
  "plugins": []
}
[32minfo[39m:    redisUrl not found. A fake redis instance will be used.
[32minfo[39m:    Starting build...
[32minfo[39m:    Compiling backend source...
[32minfo[39m:    Removing existing ".medusa/server" folder
[32minfo[39m:    Compiling frontend source...
[32minfo[39m:    Backend build completed successfully (8.80s)
[32minfo[39m:    Frontend build completed successfully (19.30s)
Copying src directory to .medusa/server...
  Skipping: invite-created.ts.disabled
  Skipping: odoo-product-deleted.ts.disabled
  Skipping: odoo-stock-sync.ts.disabled
✅ src directory copied successfully (excluding .disabled files)
Installing dependencies in .medusa/server...
npm warn config production Use `--omit=dev` instead.
npm warn deprecated @oclif/screen@1.0.4: Deprecated in favor of @oclif/core
npm warn deprecated multer@1.4.5-lts.2: Multer 1.x is impacted by a number of vulnerabilities, which have been patched in 2.x. You should upgrade to the latest 2.x version.
npm warn deprecated @oclif/command@1.8.36: Package no longer supported. Contact Support at https://www.npmjs.com/support for more info.
npm warn deprecated @oclif/help@1.0.15: Package no longer supported. Contact Support at https://www.npmjs.com/support for more info.
npm warn deprecated @oclif/errors@1.3.6: Package no longer supported. Contact Support at https://www.npmjs.com/support for more info.
npm warn deprecated @oclif/errors@1.3.5: Package no longer supported. Contact Support at https://www.npmjs.com/support for more info.
npm warn deprecated @oclif/parser@3.8.17: Package no longer supported. Contact Support at https://www.npmjs.com/support for more info.
npm warn deprecated @oclif/config@1.18.17: Package no longer supported. Contact Support at https://www.npmjs.com/support for more info.
npm warn deprecated @oclif/config@1.18.16: Package no longer supported. Contact Support at https://www.npmjs.com/support for more info.
npm warn deprecated @oclif/config@1.18.2: Package no longer supported. Contact Support at https://www.npmjs.com/support for more info.
npm warn deprecated cli-ux@5.6.7: Package no longer supported. Contact Support at https://www.npmjs.com/support for more info.

added 1279 packages, and audited 1280 packages in 3m

145 packages are looking for funding
  run `npm fund` for details

62 vulnerabilities (3 low, 7 moderate, 52 high)

To address issues that do not require attention, run:
  npm audit fix

To address all issues (including breaking changes), run:
  npm audit fix --force

Run `npm audit` for details.
